50 games to play; spent so far $0.000
[    70s] LiarsDice-v0#5 -> method_win steps=13 inv={'baseline': 1, 'belief': 0} $0.018
[    81s] LiarsDice-v0#8 -> method_win steps=15 inv={'belief': 0, 'baseline': 2} $0.020
[    92s] LiarsDice-v0#1 -> method_win steps=13 inv={'baseline': 1, 'belief': 0} $0.023
[    99s] LiarsDice-v0#0 -> method_win steps=15 inv={'belief': 0, 'baseline': 2} $0.024
[   123s] LiarsDice-v0#2 -> method_win steps=17 inv={'belief': 0, 'baseline': 2} $0.028
[   132s] LiarsDice-v0#6 -> method_win steps=17 inv={'belief': 0, 'baseline': 4} $0.030
[   155s] LiarsDice-v0#4 -> method_win steps=15 inv={'belief': 0, 'baseline': 4} $0.034
[   172s] LiarsDice-v0#7 -> method_win steps=19 inv={'baseline': 1, 'belief': 0} $0.036
[   196s] LiarsDice-v0#3 -> method_win steps=19 inv={'baseline': 1, 'belief': 0} $0.042
[   227s] LiarsDice-v0#9 -> baseline_win steps=21 inv={'baseline': 1, 'belief': 0} $0.047
[   261s] LiarsDice-v0#13 -> method_win steps=14 inv={'baseline': 2, 'belief': 0} $0.053
[   283s] LiarsDice-v0#12 -> baseline_win steps=22 inv={'belief': 0, 'baseline': 3} $0.057
[   293s] LiarsDice-v0#16 -> method_win steps=14 inv={'belief': 0, 'baseline': 1} $0.058
[   306s] LiarsDice-v0#15 -> baseline_win steps=11 inv={'baseline': 0, 'belief': 0} $0.059
[   336s] LiarsDice-v0#14 -> method_win steps=15 inv={'belief': 0, 'baseline': 2} $0.066
[   345s] LiarsDice-v0#11 -> baseline_win steps=21 inv={'baseline': 1, 'belief': 0} $0.068
[   348s] LiarsDice-v0#18 -> method_win steps=14 inv={'belief': 0, 'baseline': 1} $0.069
[   357s] KuhnPoker-v0-medium#2 -> baseline_win steps=10 inv={'belief': 2, 'baseline': 0} $0.070
[   366s] LiarsDice-v0#17 -> method_win steps=12 inv={'baseline': 0, 'belief': 0} $0.072
[   397s] KuhnPoker-v0-medium#1 -> method_win steps=19 inv={'baseline': 0, 'belief': 0} $0.081
[   416s] LiarsDice-v0#10 -> method_win steps=25 inv={'belief': 0, 'baseline': 2} $0.088
[   425s] KuhnPoker-v0-medium#0 -> baseline_win steps=21 inv={'belief': 2, 'baseline': 0} $0.091
[   437s] LiarsDice-v0#19 -> method_win steps=20 inv={'baseline': 1, 'belief': 0} $0.095
[   448s] KuhnPoker-v0-medium#7 -> baseline_win steps=21 inv={'baseline': 0, 'belief': 0} $0.101
[   455s] KuhnPoker-v0-medium#3 -> method_win steps=22 inv={'baseline': 0, 'belief': 0} $0.104
[   462s] KuhnPoker-v0-medium#4 -> method_win steps=25 inv={'belief': 0, 'baseline': 0} $0.105
[   474s] KuhnPoker-v0-medium#12 -> baseline_win steps=9 inv={'belief': 2, 'baseline': 0} $0.110
[   480s] KuhnPoker-v0-medium#8 -> baseline_win steps=22 inv={'belief': 0, 'baseline': 0} $0.112
[   489s] KuhnPoker-v0-medium#11 -> method_win steps=20 inv={'baseline': 1, 'belief': 0} $0.116
[   492s] KuhnPoker-v0-medium#5 -> baseline_win steps=17 inv={'baseline': 0, 'belief': 3} $0.117
[   497s] KuhnPoker-v0-medium#10 -> baseline_win steps=13 inv={'belief': 2, 'baseline': 0} $0.119
[   498s] KuhnPoker-v0-medium#6 -> method_win steps=21 inv={'belief': 0, 'baseline': 1} $0.120
[   508s] KuhnPoker-v0-medium#16 -> method_win steps=11 inv={'belief': 0, 'baseline': 2} $0.124
[   513s] TicTacToe-v0#0 -> baseline_win steps=6 inv={'belief': 0, 'baseline': 0} $0.126
[   523s] TicTacToe-v0#3 -> baseline_win steps=5 inv={'baseline': 0, 'belief': 0} $0.131
[   527s] TicTacToe-v0#1 -> baseline_win steps=7 inv={'baseline': 0, 'belief': 0} $0.132
[   528s] KuhnPoker-v0-medium#9 -> method_win steps=24 inv={'baseline': 0, 'belief': 1} $0.132
[   542s] TicTacToe-v0#5 -> baseline_win steps=5 inv={'baseline': 0, 'belief': 0} $0.137
[   559s] KuhnPoker-v0-medium#15 -> baseline_win steps=22 inv={'baseline': 0, 'belief': 0} $0.142
[   559s] TicTacToe-v0#4 -> method_win steps=7 inv={'belief': 0, 'baseline': 0} $0.142
[   562s] KuhnPoker-v0-medium#19 -> baseline_win steps=14 inv={'baseline': 0, 'belief': 2} $0.144
[   565s] TicTacToe-v0#6 -> method_win steps=7 inv={'belief': 0, 'baseline': 0} $0.145
[   570s] TicTacToe-v0#2 -> draw steps=9 inv={'belief': 0, 'baseline': 0} $0.148
[   570s] KuhnPoker-v0-medium#13 -> baseline_win steps=23 inv={'baseline': 1, 'belief': 0} $0.148
[   577s] KuhnPoker-v0-medium#17 -> method_win steps=23 inv={'baseline': 0, 'belief': 0} $0.149
[   578s] KuhnPoker-v0-medium#14 -> baseline_win steps=23 inv={'belief': 0, 'baseline': 0} $0.149
[   583s] TicTacToe-v0#8 -> method_win steps=7 inv={'belief': 0, 'baseline': 0} $0.150
[   589s] KuhnPoker-v0-medium#18 -> baseline_win steps=18 inv={'belief': 0, 'baseline': 0} $0.151
[   604s] TicTacToe-v0#9 -> baseline_win steps=7 inv={'baseline': 0, 'belief': 0} $0.151
[   625s] TicTacToe-v0#7 -> baseline_win steps=7 inv={'baseline': 0, 'belief': 0} $0.152
done. total spent $0.152
