0 3.30320405960083
1 6.416255950927734
2 9.370583057403564
3 12.611014127731323
4 15.571962118148804
5 18.572315216064453
6 21.953960180282593
7 24.89165997505188
8 27.97133207321167
9 31.39268922805786
10 34.30499029159546
11 37.19815921783447
12 40.047126054763794
13 42.93696212768555
14 45.74297595024109
15 48.49840712547302
16 51.31810927391052
17 54.660237073898315
18 57.40238833427429
19 60.42032504081726
20 63.37737321853638
21 65.9970452785492
22 69.22238302230835
23 72.05134415626526
24 74.80953311920166
jev_sample 3000 74.82185530662537 0.07992608399999955
