702 games to play; spent so far $0.065
[    21s] belief_vs_cot2 TicTacToe-v0#3 -> B_win payoff=None forced=False $0.081
[    25s] cot2_vs_baseline TicTacToe-v0#3 -> A_win payoff=None forced=False $0.083
[    25s] belief_vs_baseline TicTacToe-v0#3 -> B_win payoff=None forced=False $0.084
[    48s] belief_vs_baseline TicTacToe-v0#4 -> A_win payoff=None forced=False $0.099
[    49s] belief_vs_cot2 TicTacToe-v0#2 -> B_win payoff=None forced=False $0.099
[    62s] cot2_vs_baseline TicTacToe-v0#4 -> B_win payoff=None forced=False $0.109
[    71s] cot2_vs_baseline TicTacToe-v0#2 -> draw payoff=None forced=False $0.117
[    72s] belief_vs_baseline TicTacToe-v0#2 -> draw payoff=None forced=False $0.118
[    83s] belief_vs_baseline KuhnPoker-v0-medium#3 -> B_win payoff=-6 forced=False $0.127
[    84s] belief_vs_cot2 TicTacToe-v0#4 -> B_win payoff=None forced=False $0.128
[    87s] cot2_vs_baseline LiarsDice-v0#4 -> A_win payoff=4 forced=False $0.130
[    94s] cot2_vs_baseline LiarsDice-v0#2 -> B_win payoff=-2 forced=False $0.135
[    96s] belief_vs_baseline KuhnPoker-v0-medium#4 -> A_win payoff=6 forced=False $0.137
[   100s] belief_vs_baseline TicTacToe-v0#5 -> B_win payoff=None forced=False $0.139
[   105s] cot2_vs_baseline KuhnPoker-v0-medium#3 -> B_win payoff=-6 forced=False $0.142
[   106s] belief_vs_baseline LiarsDice-v0#4 -> A_win payoff=3 forced=False $0.142
[   112s] cot2_vs_baseline KuhnPoker-v0-medium#2 -> A_win payoff=2 forced=False $0.146
[   113s] cot2_vs_baseline KuhnPoker-v0-medium#4 -> A_win payoff=6 forced=False $0.147
[   121s] belief_vs_cot2 KuhnPoker-v0-medium#3 -> A_win payoff=2 forced=False $0.152
[   123s] cot2_vs_baseline TicTacToe-v0#5 -> B_win payoff=None forced=False $0.154
[   128s] belief_vs_cot2 TicTacToe-v0#5 -> B_win payoff=None forced=False $0.156
[   129s] belief_vs_cot2 LiarsDice-v0#2 -> A_win payoff=4 forced=False $0.157
[   134s] belief_vs_baseline KuhnPoker-v0-medium#2 -> A_win payoff=6 forced=False $0.162
[   148s] belief_vs_baseline LiarsDice-v0#3 -> B_win payoff=-1 forced=False $0.171
[   157s] belief_vs_cot2 LiarsDice-v0#3 -> A_win payoff=4 forced=False $0.177
[   158s] cot2_vs_baseline TicTacToe-v0#6 -> A_win payoff=None forced=False $0.178
[   159s] belief_vs_baseline TicTacToe-v0#6 -> A_win payoff=None forced=False $0.178
[   167s] belief_vs_baseline KuhnPoker-v0-medium#5 -> A_win payoff=2 forced=False $0.184
[   168s] belief_vs_cot2 LiarsDice-v0#5 -> B_win payoff=-5 forced=False $0.185
[   185s] belief_vs_baseline LiarsDice-v0#2 -> A_win payoff=1 forced=False $0.195
[   192s] belief_vs_baseline TicTacToe-v0#7 -> B_win payoff=None forced=False $0.200
[   195s] belief_vs_baseline LiarsDice-v0#5 -> A_win payoff=1 forced=False $0.202
[   196s] belief_vs_cot2 KuhnPoker-v0-medium#4 -> A_win payoff=10 forced=False $0.202
[   206s] cot2_vs_baseline KuhnPoker-v0-medium#5 -> B_win payoff=-2 forced=False $0.208
[   210s] belief_vs_cot2 KuhnPoker-v0-medium#2 -> A_win payoff=2 forced=False $0.210
[   223s] cot2_vs_baseline TicTacToe-v0#7 -> A_win payoff=None forced=False $0.219
[   238s] belief_vs_cot2 TicTacToe-v0#6 -> A_win payoff=None forced=False $0.230
[   259s] belief_vs_baseline KuhnPoker-v0-medium#7 -> B_win payoff=-2 forced=False $0.244
[   259s] belief_vs_baseline KuhnPoker-v0-medium#6 -> A_win payoff=2 forced=False $0.244
[   264s] belief_vs_cot2 LiarsDice-v0#4 -> A_win payoff=1 forced=False $0.247
[   266s] cot2_vs_baseline LiarsDice-v0#3 -> B_win payoff=-1 forced=False $0.249
[   268s] belief_vs_cot2 TicTacToe-v0#7 -> B_win payoff=None forced=False $0.250
[   268s] belief_vs_baseline LiarsDice-v0#6 -> B_win payoff=-1 forced=False $0.250
[   269s] cot2_vs_baseline KuhnPoker-v0-medium#7 -> B_win payoff=-2 forced=False $0.251
[   275s] cot2_vs_baseline KuhnPoker-v0-medium#6 -> B_win payoff=-2 forced=False $0.253
[   277s] belief_vs_baseline TicTacToe-v0#8 -> A_win payoff=None forced=False $0.254
[   280s] belief_vs_cot2 KuhnPoker-v0-medium#5 -> A_win payoff=6 forced=False $0.256
[   307s] cot2_vs_baseline LiarsDice-v0#5 -> B_win payoff=-2 forced=False $0.270
[   310s] belief_vs_baseline TicTacToe-v0#9 -> B_win payoff=None forced=False $0.272
[   312s] cot2_vs_baseline TicTacToe-v0#8 -> A_win payoff=None forced=False $0.274
[   312s] belief_vs_cot2 LiarsDice-v0#6 -> A_win payoff=1 forced=False $0.274
[   323s] belief_vs_baseline LiarsDice-v0#7 -> A_win payoff=1 forced=False $0.280
[   331s] belief_vs_cot2 KuhnPoker-v0-medium#6 -> B_win payoff=-2 forced=False $0.284
[   335s] belief_vs_cot2 TicTacToe-v0#9 -> A_win payoff=None forced=False $0.286
[   339s] cot2_vs_baseline LiarsDice-v0#6 -> B_win payoff=-3 forced=False $0.289
[   348s] belief_vs_baseline LiarsDice-v0#8 -> A_win payoff=1 forced=False $0.295
[   349s] belief_vs_baseline KuhnPoker-v0-medium#8 -> B_win payoff=-2 forced=False $0.296
[   353s] belief_vs_cot2 LiarsDice-v0#7 -> A_win payoff=2 forced=False $0.298
[   361s] cot2_vs_baseline KuhnPoker-v0-medium#8 -> B_win payoff=-10 forced=False $0.303
[   363s] belief_vs_cot2 KuhnPoker-v0-medium#7 -> A_win payoff=6 forced=False $0.304
[   373s] belief_vs_cot2 TicTacToe-v0#8 -> B_win payoff=None forced=True $0.309
[   379s] cot2_vs_baseline TicTacToe-v0#9 -> A_win payoff=None forced=False $0.312
[   393s] cot2_vs_baseline LiarsDice-v0#8 -> A_win payoff=2 forced=False $0.321
[   397s] belief_vs_baseline TicTacToe-v0#10 -> A_win payoff=None forced=False $0.323
[   408s] belief_vs_baseline KuhnPoker-v0-medium#9 -> A_win payoff=6 forced=False $0.330
[   409s] belief_vs_cot2 KuhnPoker-v0-medium#8 -> B_win payoff=-2 forced=False $0.330
[   414s] cot2_vs_baseline TicTacToe-v0#10 -> A_win payoff=None forced=False $0.333
[   422s] cot2_vs_baseline LiarsDice-v0#7 -> A_win payoff=1 forced=False $0.336
[   423s] cot2_vs_baseline KuhnPoker-v0-medium#9 -> A_win payoff=6 forced=False $0.336
[   431s] belief_vs_baseline LiarsDice-v0#10 -> A_win payoff=3 forced=False $0.339
[   432s] belief_vs_cot2 TicTacToe-v0#10 -> B_win payoff=None forced=False $0.340
[   433s] belief_vs_cot2 LiarsDice-v0#9 -> B_win payoff=-4 forced=False $0.341
[   443s] belief_vs_baseline TicTacToe-v0#11 -> B_win payoff=None forced=False $0.345
[   454s] belief_vs_baseline LiarsDice-v0#11 -> A_win payoff=5 forced=False $0.350
[   465s] belief_vs_baseline LiarsDice-v0#9 -> B_win payoff=-1 forced=False $0.356
[   475s] cot2_vs_baseline LiarsDice-v0#10 -> A_win payoff=3 forced=False $0.360
[   477s] cot2_vs_baseline TicTacToe-v0#11 -> B_win payoff=None forced=False $0.361
[   482s] belief_vs_cot2 TicTacToe-v0#11 -> B_win payoff=None forced=False $0.362
[   494s] belief_vs_cot2 LiarsDice-v0#8 -> B_win payoff=-3 forced=False $0.368
[   501s] belief_vs_baseline KuhnPoker-v0-medium#10 -> A_win payoff=6 forced=False $0.373
[   506s] cot2_vs_baseline LiarsDice-v0#9 -> B_win payoff=-3 forced=False $0.374
[   513s] cot2_vs_baseline KuhnPoker-v0-medium#10 -> B_win payoff=-6 forced=False $0.377
[   526s] belief_vs_cot2 KuhnPoker-v0-medium#9 -> B_win payoff=-6 forced=False $0.383
[   528s] cot2_vs_baseline TicTacToe-v0#12 -> A_win payoff=None forced=False $0.384
[   541s] belief_vs_cot2 TicTacToe-v0#12 -> B_win payoff=None forced=False $0.391
[   555s] belief_vs_baseline TicTacToe-v0#12 -> B_win payoff=None forced=False $0.400
[   557s] cot2_vs_baseline KuhnPoker-v0-medium#12 -> B_win payoff=-6 forced=False $0.401
[   564s] belief_vs_baseline TicTacToe-v0#13 -> B_win payoff=None forced=False $0.406
[   566s] belief_vs_cot2 TicTacToe-v0#13 -> B_win payoff=None forced=False $0.408
[   572s] belief_vs_baseline KuhnPoker-v0-medium#12 -> A_win payoff=2 forced=False $0.412
[   577s] belief_vs_baseline KuhnPoker-v0-medium#11 -> B_win payoff=-6 forced=False $0.415
[   580s] cot2_vs_baseline KuhnPoker-v0-medium#11 -> B_win payoff=-2 forced=False $0.417
[   581s] belief_vs_cot2 LiarsDice-v0#10 -> B_win payoff=-4 forced=False $0.417
[   583s] belief_vs_cot2 KuhnPoker-v0-medium#10 -> B_win payoff=-2 forced=False $0.418
[   588s] belief_vs_cot2 KuhnPoker-v0-medium#11 -> B_win payoff=-6 forced=False $0.422
[   592s] cot2_vs_baseline LiarsDice-v0#12 -> A_win payoff=5 forced=False $0.424
[   592s] cot2_vs_baseline LiarsDice-v0#11 -> A_win payoff=2 forced=False $0.424
[   596s] cot2_vs_baseline TicTacToe-v0#13 -> A_win payoff=None forced=False $0.426
[   609s] belief_vs_baseline KuhnPoker-v0-medium#13 -> B_win payoff=-2 forced=False $0.432
[   612s] belief_vs_baseline TicTacToe-v0#14 -> A_win payoff=None forced=False $0.434
[   618s] belief_vs_cot2 LiarsDice-v0#12 -> A_win payoff=4 forced=False $0.437
[   633s] belief_vs_baseline LiarsDice-v0#12 -> A_win payoff=1 forced=False $0.446
[   639s] belief_vs_baseline TicTacToe-v0#15 -> B_win payoff=None forced=False $0.449
[   647s] cot2_vs_baseline TicTacToe-v0#14 -> A_win payoff=None forced=False $0.453
[   652s] belief_vs_baseline LiarsDice-v0#13 -> B_win payoff=-3 forced=False $0.455
[   657s] belief_vs_cot2 TicTacToe-v0#14 -> B_win payoff=None forced=False $0.457
[   666s] belief_vs_cot2 KuhnPoker-v0-medium#12 -> B_win payoff=-2 forced=False $0.461
[   667s] cot2_vs_baseline KuhnPoker-v0-medium#13 -> A_win payoff=6 forced=False $0.462
[   705s] cot2_vs_baseline LiarsDice-v0#13 -> B_win payoff=-2 forced=False $0.478
[   715s] belief_vs_cot2 LiarsDice-v0#11 -> A_win payoff=1 forced=False $0.482
[   721s] belief_vs_baseline LiarsDice-v0#14 -> B_win payoff=-1 forced=False $0.485
[   725s] belief_vs_baseline KuhnPoker-v0-medium#14 -> A_win payoff=14 forced=False $0.487
[   739s] cot2_vs_baseline LiarsDice-v0#14 -> A_win payoff=3 forced=False $0.493
[   739s] cot2_vs_baseline TicTacToe-v0#15 -> B_win payoff=None forced=False $0.493
[   760s] belief_vs_cot2 LiarsDice-v0#14 -> B_win payoff=-4 forced=False $0.502
587 candidate games; spent so far $0.503
[   217s] belief_vs_cot2 LiarsDice-v0#18 -> A_win payoff=4 forced=False $0.566
[   235s] belief_vs_cot2 LiarsDice-v0#17 -> B_win payoff=-4 forced=False $0.572
[   241s] belief_vs_cot2 KuhnPoker-v0-medium#20 -> A_win payoff=2 forced=False $0.574
[   246s] belief_vs_cot2 KuhnPoker-v0-medium#15 -> B_win payoff=-10 forced=False $0.576
[   247s] belief_vs_cot2 LiarsDice-v0#15 -> B_win payoff=-2 forced=False $0.576
[   248s] belief_vs_cot2 KuhnPoker-v0-medium#16 -> B_win payoff=-6 forced=False $0.577
[   257s] belief_vs_cot2 LiarsDice-v0#16 -> B_win payoff=-5 forced=False $0.579
[   264s] belief_vs_cot2 KuhnPoker-v0-medium#19 -> B_win payoff=-6 forced=False $0.583
[   278s] belief_vs_cot2 KuhnPoker-v0-medium#17 -> A_win payoff=6 forced=False $0.588
[   279s] belief_vs_cot2 LiarsDice-v0#20 -> B_win payoff=-3 forced=False $0.588
[   286s] belief_vs_cot2 KuhnPoker-v0-medium#18 -> B_win payoff=-6 forced=False $0.590
[   292s] belief_vs_cot2 KuhnPoker-v0-medium#21 -> A_win payoff=2 forced=False $0.592
[   295s] belief_vs_cot2 LiarsDice-v0#13 -> B_win payoff=-2 forced=False $0.593
[   300s] belief_vs_cot2 KuhnPoker-v0-medium#13 -> A_win payoff=10 forced=False $0.595
[   311s] belief_vs_cot2 KuhnPoker-v0-medium#14 -> A_win payoff=2 forced=False $0.599
[   375s] belief_vs_cot2 LiarsDice-v0#19 -> A_win payoff=1 forced=False $0.622
[   453s] belief_vs_cot2 KuhnPoker-v0-medium#22 -> A_win payoff=6 forced=False $0.658
[   455s] belief_vs_cot2 KuhnPoker-v0-medium#24 -> B_win payoff=-6 forced=False $0.659
[   455s] belief_vs_cot2 KuhnPoker-v0-medium#27 -> A_win payoff=2 forced=False $0.659
[   467s] belief_vs_cot2 KuhnPoker-v0-medium#26 -> B_win payoff=-2 forced=False $0.664
[   470s] belief_vs_cot2 LiarsDice-v0#22 -> A_win payoff=1 forced=False $0.666
[   483s] belief_vs_cot2 LiarsDice-v0#21 -> A_win payoff=3 forced=False $0.669
[   490s] belief_vs_cot2 LiarsDice-v0#28 -> B_win payoff=-2 forced=False $0.672
[   497s] belief_vs_cot2 LiarsDice-v0#23 -> A_win payoff=5 forced=False $0.675
[   500s] belief_vs_cot2 LiarsDice-v0#24 -> A_win payoff=3 forced=False $0.677
[   500s] belief_vs_cot2 KuhnPoker-v0-medium#23 -> A_win payoff=2 forced=False $0.677
[   504s] belief_vs_cot2 KuhnPoker-v0-medium#25 -> A_win payoff=10 forced=False $0.679
[   518s] belief_vs_cot2 LiarsDice-v0#27 -> A_win payoff=3 forced=False $0.684
[   525s] belief_vs_cot2 KuhnPoker-v0-medium#28 -> A_win payoff=2 forced=False $0.687
[   532s] belief_vs_cot2 LiarsDice-v0#25 -> A_win payoff=2 forced=False $0.690
[   565s] belief_vs_cot2 LiarsDice-v0#26 -> A_win payoff=3 forced=False $0.704
[   573s] belief_vs_cot2 KuhnPoker-v0-medium#29 -> A_win payoff=14 forced=False $0.708
[   595s] belief_vs_cot2 LiarsDice-v0#32 -> A_win payoff=5 forced=False $0.717
[   611s] belief_vs_cot2 KuhnPoker-v0-medium#30 -> A_win payoff=6 forced=False $0.724
[   611s] belief_vs_cot2 LiarsDice-v0#29 -> A_win payoff=4 forced=False $0.724
[   631s] belief_vs_cot2 LiarsDice-v0#31 -> A_win payoff=4 forced=False $0.735
[   649s] belief_vs_cot2 KuhnPoker-v0-medium#35 -> B_win payoff=-2 forced=False $0.743
[   662s] belief_vs_cot2 KuhnPoker-v0-medium#32 -> B_win payoff=-2 forced=False $0.750
[   672s] belief_vs_cot2 KuhnPoker-v0-medium#36 -> B_win payoff=-2 forced=False $0.755
[   680s] belief_vs_cot2 LiarsDice-v0#30 -> B_win payoff=-3 forced=False $0.760
[   681s] belief_vs_cot2 KuhnPoker-v0-medium#31 -> B_win payoff=-2 forced=False $0.760
[   727s] belief_vs_cot2 KuhnPoker-v0-medium#33 -> A_win payoff=2 forced=False $0.779
[   733s] belief_vs_cot2 LiarsDice-v0#34 -> A_win payoff=3 forced=False $0.781
[   740s] belief_vs_cot2 LiarsDice-v0#35 -> A_win payoff=2 forced=False $0.785
[   745s] belief_vs_cot2 KuhnPoker-v0-medium#37 -> B_win payoff=-14 forced=False $0.786
[   751s] belief_vs_cot2 KuhnPoker-v0-medium#34 -> B_win payoff=-6 forced=False $0.790
[   797s] belief_vs_cot2 LiarsDice-v0#33 -> B_win payoff=-1 forced=False $0.807
[   812s] belief_vs_cot2 LiarsDice-v0#38 -> B_win payoff=-3 forced=False $0.814
[   813s] belief_vs_cot2 KuhnPoker-v0-medium#38 -> A_win payoff=2 forced=False $0.814
[   827s] belief_vs_cot2 LiarsDice-v0#40 -> A_win payoff=4 forced=False $0.821
[   841s] belief_vs_cot2 KuhnPoker-v0-medium#39 -> A_win payoff=2 forced=False $0.827
[   844s] belief_vs_cot2 LiarsDice-v0#39 -> A_win payoff=2 forced=False $0.829
[   851s] belief_vs_cot2 LiarsDice-v0#36 -> A_win payoff=1 forced=False $0.833
[   853s] belief_vs_cot2 KuhnPoker-v0-medium#40 -> A_win payoff=2 forced=False $0.834
[   874s] belief_vs_cot2 KuhnPoker-v0-medium#41 -> A_win payoff=2 forced=False $0.845
[   876s] belief_vs_cot2 LiarsDice-v0#41 -> B_win payoff=-4 forced=False $0.846
[   881s] belief_vs_cot2 LiarsDice-v0#37 -> B_win payoff=-1 forced=False $0.849
[   886s] belief_vs_cot2 LiarsDice-v0#42 -> A_win payoff=3 forced=False $0.850
[   930s] belief_vs_cot2 KuhnPoker-v0-medium#44 -> B_win payoff=-6 forced=False $0.870
[   933s] belief_vs_cot2 KuhnPoker-v0-medium#42 -> B_win payoff=-6 forced=False $0.873
[   968s] belief_vs_cot2 LiarsDice-v0#47 -> B_win payoff=-5 forced=False $0.890
[   976s] belief_vs_cot2 LiarsDice-v0#45 -> B_win payoff=-5 forced=True $0.894
[   984s] belief_vs_cot2 KuhnPoker-v0-medium#43 -> B_win payoff=-2 forced=False $0.898
[   985s] belief_vs_cot2 LiarsDice-v0#43 -> A_win payoff=1 forced=False $0.898
[   994s] belief_vs_cot2 KuhnPoker-v0-medium#47 -> B_win payoff=-6 forced=False $0.902
[   996s] belief_vs_cot2 KuhnPoker-v0-medium#48 -> B_win payoff=-6 forced=False $0.903
[  1011s] belief_vs_cot2 KuhnPoker-v0-medium#46 -> B_win payoff=-2 forced=False $0.910
[  1014s] belief_vs_cot2 LiarsDice-v0#44 -> B_win payoff=-1 forced=False $0.912
[  1014s] belief_vs_cot2 KuhnPoker-v0-medium#45 -> A_win payoff=6 forced=False $0.912
[  1042s] belief_vs_cot2 KuhnPoker-v0-medium#49 -> B_win payoff=-2 forced=False $0.921
[  1053s] belief_vs_cot2 LiarsDice-v0#50 -> A_win payoff=5 forced=False $0.924
[  1056s] belief_vs_cot2 LiarsDice-v0#48 -> A_win payoff=2 forced=False $0.926
[  1060s] belief_vs_cot2 KuhnPoker-v0-medium#50 -> B_win payoff=-6 forced=False $0.927
[  1064s] belief_vs_cot2 LiarsDice-v0#46 -> A_win payoff=2 forced=False $0.928
[  1086s] belief_vs_cot2 LiarsDice-v0#49 -> A_win payoff=3 forced=False $0.936
[  1109s] belief_vs_cot2 LiarsDice-v0#51 -> A_win payoff=4 forced=False $0.943
[  1170s] belief_vs_cot2 KuhnPoker-v0-medium#51 -> A_win payoff=2 forced=False $0.964
[  1179s] belief_vs_cot2 KuhnPoker-v0-medium#53 -> B_win payoff=-2 forced=False $0.968
[  1204s] belief_vs_cot2 KuhnPoker-v0-medium#52 -> B_win payoff=-2 forced=False $0.977
[  1209s] belief_vs_cot2 LiarsDice-v0#56 -> A_win payoff=5 forced=False $0.978
[  1222s] belief_vs_cot2 KuhnPoker-v0-medium#54 -> B_win payoff=-6 forced=False $0.983
[  1231s] belief_vs_cot2 LiarsDice-v0#55 -> B_win payoff=-3 forced=False $0.987
[  1235s] belief_vs_cot2 KuhnPoker-v0-medium#56 -> A_win payoff=2 forced=False $0.989
[  1247s] belief_vs_cot2 KuhnPoker-v0-medium#57 -> B_win payoff=-6 forced=False $0.993
[  1257s] belief_vs_cot2 LiarsDice-v0#54 -> A_win payoff=2 forced=False $0.997
[  1262s] belief_vs_cot2 KuhnPoker-v0-medium#55 -> A_win payoff=6 forced=False $0.999
[  1281s] belief_vs_cot2 LiarsDice-v0#53 -> B_win payoff=-2 forced=False $1.004
[  1291s] belief_vs_cot2 KuhnPoker-v0-medium#58 -> A_win payoff=10 forced=False $1.007
[  1331s] belief_vs_cot2 LiarsDice-v0#52 -> B_win payoff=-1 forced=False $1.021
[  1333s] belief_vs_cot2 LiarsDice-v0#58 -> A_win payoff=1 forced=False $1.022
[  1334s] belief_vs_cot2 KuhnPoker-v0-medium#59 -> A_win payoff=2 forced=False $1.022
[  1381s] belief_vs_cot2 LiarsDice-v0#57 -> B_win payoff=-1 forced=False $1.041
[  1403s] belief_vs_cot2 KuhnPoker-v0-medium#60 -> B_win payoff=-2 forced=False $1.047
[  1425s] belief_vs_cot2 KuhnPoker-v0-medium#62 -> A_win payoff=2 forced=False $1.053
[  1454s] belief_vs_cot2 LiarsDice-v0#62 -> A_win payoff=4 forced=False $1.064
[  1457s] belief_vs_cot2 LiarsDice-v0#59 -> A_win payoff=3 forced=False $1.066
[  1486s] belief_vs_cot2 KuhnPoker-v0-medium#61 -> A_win payoff=14 forced=False $1.077
[  1502s] belief_vs_cot2 KuhnPoker-v0-medium#66 -> B_win payoff=-6 forced=False $1.083
[  1514s] belief_vs_cot2 KuhnPoker-v0-medium#63 -> A_win payoff=14 forced=False $1.088
[  1530s] belief_vs_cot2 KuhnPoker-v0-medium#64 -> B_win payoff=-2 forced=False $1.093
[  1540s] belief_vs_cot2 LiarsDice-v0#66 -> B_win payoff=-4 forced=False $1.098
[  1555s] belief_vs_cot2 LiarsDice-v0#65 -> A_win payoff=1 forced=False $1.103
[  1562s] belief_vs_cot2 KuhnPoker-v0-medium#65 -> B_win payoff=-6 forced=True $1.105
[  1567s] belief_vs_cot2 LiarsDice-v0#60 -> A_win payoff=2 forced=False $1.106
[  1572s] belief_vs_cot2 LiarsDice-v0#64 -> A_win payoff=1 forced=False $1.108
[  1582s] belief_vs_cot2 LiarsDice-v0#61 -> A_win payoff=1 forced=False $1.111
[  1588s] belief_vs_cot2 KuhnPoker-v0-medium#67 -> B_win payoff=-2 forced=False $1.113
[  1628s] belief_vs_cot2 LiarsDice-v0#69 -> A_win payoff=4 forced=False $1.127
[  1633s] belief_vs_cot2 LiarsDice-v0#68 -> A_win payoff=4 forced=False $1.129
[  1635s] belief_vs_cot2 KuhnPoker-v0-medium#68 -> B_win payoff=-6 forced=False $1.131
[  1637s] belief_vs_cot2 LiarsDice-v0#67 -> B_win payoff=-3 forced=False $1.133
[  1641s] belief_vs_cot2 LiarsDice-v0#63 -> A_win payoff=1 forced=False $1.134
[  1697s] belief_vs_cot2 KuhnPoker-v0-medium#69 -> A_win payoff=10 forced=False $1.157
[  1716s] belief_vs_cot2 KuhnPoker-v0-medium#72 -> B_win payoff=-6 forced=False $1.165
[  1732s] belief_vs_cot2 LiarsDice-v0#72 -> A_win payoff=3 forced=False $1.171
[  1734s] belief_vs_cot2 KuhnPoker-v0-medium#71 -> A_win payoff=6 forced=False $1.172
[  1746s] belief_vs_cot2 LiarsDice-v0#74 -> B_win payoff=-4 forced=False $1.177
[  1770s] belief_vs_cot2 KuhnPoker-v0-medium#73 -> A_win payoff=10 forced=False $1.190
[  1771s] belief_vs_cot2 LiarsDice-v0#73 -> B_win payoff=-1 forced=False $1.191
[  1784s] belief_vs_cot2 LiarsDice-v0#71 -> B_win payoff=-1 forced=False $1.196
[  1786s] belief_vs_cot2 KuhnPoker-v0-medium#74 -> A_win payoff=2 forced=False $1.197
[  1790s] belief_vs_cot2 LiarsDice-v0#70 -> A_win payoff=1 forced=False $1.199
[  1809s] belief_vs_cot2 KuhnPoker-v0-medium#77 -> B_win payoff=-6 forced=False $1.206
[  1810s] belief_vs_cot2 LiarsDice-v0#76 -> B_win payoff=-3 forced=False $1.206
[  1828s] belief_vs_cot2 KuhnPoker-v0-medium#70 -> A_win payoff=2 forced=False $1.213
[  1869s] belief_vs_cot2 KuhnPoker-v0-medium#75 -> B_win payoff=-6 forced=False $1.230
[  1882s] belief_vs_cot2 KuhnPoker-v0-medium#79 -> A_win payoff=2 forced=False $1.236
[  1890s] belief_vs_cot2 LiarsDice-v0#78 -> A_win payoff=4 forced=False $1.240
[  1896s] belief_vs_cot2 LiarsDice-v0#79 -> A_win payoff=2 forced=False $1.243
[  1900s] belief_vs_cot2 KuhnPoker-v0-medium#78 -> B_win payoff=-2 forced=False $1.244
[  1917s] belief_vs_cot2 KuhnPoker-v0-medium#82 -> B_win payoff=-2 forced=False $1.250
[  1928s] belief_vs_cot2 KuhnPoker-v0-medium#81 -> A_win payoff=6 forced=False $1.254
[  1933s] belief_vs_cot2 LiarsDice-v0#75 -> B_win payoff=-2 forced=False $1.255
[  1943s] belief_vs_cot2 LiarsDice-v0#77 -> A_win payoff=4 forced=False $1.258
[  1951s] belief_vs_cot2 KuhnPoker-v0-medium#80 -> A_win payoff=10 forced=False $1.264
[  1975s] belief_vs_cot2 LiarsDice-v0#84 -> A_win payoff=5 forced=False $1.271
[  1978s] belief_vs_cot2 LiarsDice-v0#80 -> A_win payoff=4 forced=False $1.272
[  2005s] belief_vs_cot2 LiarsDice-v0#81 -> A_win payoff=1 forced=False $1.284
[  2012s] belief_vs_cot2 KuhnPoker-v0-medium#76 -> A_win payoff=6 forced=False $1.288
[  2014s] belief_vs_cot2 LiarsDice-v0#86 -> A_win payoff=5 forced=False $1.290
[  2029s] belief_vs_cot2 KuhnPoker-v0-medium#83 -> B_win payoff=-2 forced=False $1.297
[  2057s] belief_vs_cot2 KuhnPoker-v0-medium#84 -> B_win payoff=-6 forced=False $1.309
[  2068s] belief_vs_cot2 KuhnPoker-v0-medium#86 -> A_win payoff=2 forced=False $1.316
[  2079s] belief_vs_cot2 LiarsDice-v0#82 -> A_win payoff=3 forced=False $1.321
[  2084s] belief_vs_cot2 LiarsDice-v0#83 -> B_win payoff=-1 forced=False $1.322
[  2094s] belief_vs_cot2 LiarsDice-v0#90 -> A_win payoff=5 forced=False $1.327
[  2102s] belief_vs_cot2 KuhnPoker-v0-medium#85 -> B_win payoff=-2 forced=False $1.330
[  2113s] belief_vs_cot2 LiarsDice-v0#85 -> A_win payoff=2 forced=False $1.334
[  2121s] belief_vs_cot2 LiarsDice-v0#88 -> B_win payoff=-1 forced=False $1.338
[  2135s] belief_vs_cot2 LiarsDice-v0#87 -> B_win payoff=-3 forced=False $1.344
[  2135s] belief_vs_cot2 KuhnPoker-v0-medium#87 -> A_win payoff=6 forced=False $1.345
[  2136s] belief_vs_cot2 KuhnPoker-v0-medium#88 -> B_win payoff=-2 forced=False $1.346
[  2149s] belief_vs_cot2 KuhnPoker-v0-medium#89 -> A_win payoff=2 forced=False $1.350
[  2190s] belief_vs_cot2 KuhnPoker-v0-medium#90 -> A_win payoff=2 forced=False $1.369
[  2196s] belief_vs_cot2 LiarsDice-v0#91 -> A_win payoff=4 forced=False $1.372
[  2207s] belief_vs_cot2 LiarsDice-v0#92 -> B_win payoff=-3 forced=False $1.378
[  2221s] belief_vs_cot2 KuhnPoker-v0-medium#92 -> B_win payoff=-10 forced=False $1.385
[  2223s] belief_vs_cot2 LiarsDice-v0#89 -> B_win payoff=-2 forced=False $1.386
[  2251s] belief_vs_cot2 KuhnPoker-v0-medium#94 -> A_win payoff=2 forced=False $1.396
[  2262s] belief_vs_cot2 LiarsDice-v0#93 -> A_win payoff=3 forced=False $1.401
[  2262s] belief_vs_cot2 KuhnPoker-v0-medium#91 -> B_win payoff=-2 forced=False $1.402
[  2268s] belief_vs_cot2 LiarsDice-v0#94 -> A_win payoff=3 forced=False $1.404
[  2283s] belief_vs_cot2 KuhnPoker-v0-medium#95 -> A_win payoff=14 forced=False $1.410
[  2310s] belief_vs_cot2 LiarsDice-v0#96 -> A_win payoff=3 forced=False $1.424
[  2313s] belief_vs_cot2 LiarsDice-v0#95 -> B_win payoff=-5 forced=False $1.425
[  2316s] belief_vs_cot2 KuhnPoker-v0-medium#96 -> A_win payoff=2 forced=False $1.427
[  2319s] belief_vs_baseline LiarsDice-v0#16 -> A_win payoff=5 forced=False $1.430
[  2323s] belief_vs_cot2 KuhnPoker-v0-medium#97 -> A_win payoff=2 forced=False $1.432
[  2328s] belief_vs_cot2 KuhnPoker-v0-medium#93 -> B_win payoff=-6 forced=False $1.434
[  2333s] belief_vs_baseline KuhnPoker-v0-medium#15 -> A_win payoff=6 forced=False $1.436
[  2343s] belief_vs_baseline KuhnPoker-v0-medium#16 -> B_win payoff=-10 forced=False $1.441
[  2358s] belief_vs_cot2 KuhnPoker-v0-medium#98 -> B_win payoff=-6 forced=False $1.447
[  2368s] belief_vs_baseline LiarsDice-v0#15 -> A_win payoff=3 forced=False $1.454
[  2375s] belief_vs_baseline KuhnPoker-v0-medium#17 -> A_win payoff=2 forced=False $1.457
[  2390s] belief_vs_cot2 LiarsDice-v0#97 -> A_win payoff=1 forced=False $1.466
[  2393s] belief_vs_baseline KuhnPoker-v0-medium#18 -> B_win payoff=-6 forced=False $1.468
[  2409s] belief_vs_baseline KuhnPoker-v0-medium#20 -> A_win payoff=6 forced=False $1.476
[  2411s] belief_vs_cot2 LiarsDice-v0#98 -> B_win payoff=-2 forced=False $1.477
[  2419s] belief_vs_baseline KuhnPoker-v0-medium#21 -> B_win payoff=-2 forced=False $1.480
[  2430s] belief_vs_cot2 LiarsDice-v0#99 -> B_win payoff=-1 forced=False $1.486
[  2433s] belief_vs_baseline LiarsDice-v0#17 -> B_win payoff=-1 forced=False $1.487
[  2439s] belief_vs_baseline KuhnPoker-v0-medium#19 -> A_win payoff=6 forced=False $1.490
[  2440s] belief_vs_cot2 KuhnPoker-v0-medium#99 -> B_win payoff=-2 forced=False $1.490
[  2450s] belief_vs_baseline LiarsDice-v0#18 -> A_win payoff=2 forced=False $1.495
[  2455s] belief_vs_baseline LiarsDice-v0#20 -> A_win payoff=3 forced=False $1.499
[  2462s] belief_vs_baseline KuhnPoker-v0-medium#22 -> A_win payoff=6 forced=False $1.502
[  2468s] belief_vs_baseline KuhnPoker-v0-medium#24 -> A_win payoff=6 forced=False $1.505
[  2472s] belief_vs_baseline LiarsDice-v0#22 -> A_win payoff=3 forced=False $1.506
[  2478s] belief_vs_baseline LiarsDice-v0#19 -> B_win payoff=-1 forced=False $1.510
[  2479s] belief_vs_baseline KuhnPoker-v0-medium#23 -> B_win payoff=-2 forced=False $1.510
[  2484s] belief_vs_baseline LiarsDice-v0#21 -> A_win payoff=2 forced=False $1.513
[  2499s] belief_vs_baseline KuhnPoker-v0-medium#26 -> B_win payoff=-2 forced=False $1.521
[  2513s] belief_vs_baseline KuhnPoker-v0-medium#25 -> B_win payoff=-6 forced=False $1.527
[  2558s] belief_vs_baseline KuhnPoker-v0-medium#29 -> A_win payoff=14 forced=False $1.546
[  2559s] belief_vs_baseline LiarsDice-v0#24 -> A_win payoff=1 forced=False $1.546
[  2559s] belief_vs_baseline LiarsDice-v0#25 -> A_win payoff=2 forced=False $1.546
[  2562s] belief_vs_baseline LiarsDice-v0#26 -> A_win payoff=2 forced=False $1.547
[  2574s] belief_vs_baseline KuhnPoker-v0-medium#28 -> B_win payoff=-2 forced=False $1.551
[  2578s] belief_vs_baseline LiarsDice-v0#23 -> A_win payoff=2 forced=False $1.553
[  2586s] belief_vs_baseline LiarsDice-v0#30 -> A_win payoff=3 forced=False $1.556
[  2586s] belief_vs_baseline LiarsDice-v0#29 -> A_win payoff=2 forced=False $1.557
[  2595s] belief_vs_baseline KuhnPoker-v0-medium#27 -> B_win payoff=-2 forced=False $1.559
[  2597s] belief_vs_baseline LiarsDice-v0#27 -> A_win payoff=5 forced=False $1.560
[  2599s] belief_vs_baseline LiarsDice-v0#28 -> A_win payoff=2 forced=False $1.561
[  2614s] belief_vs_baseline KuhnPoker-v0-medium#30 -> B_win payoff=-6 forced=False $1.567
[  2628s] belief_vs_baseline KuhnPoker-v0-medium#32 -> B_win payoff=-6 forced=False $1.572
[  2636s] belief_vs_baseline KuhnPoker-v0-medium#31 -> B_win payoff=-2 forced=False $1.576
[  2675s] belief_vs_baseline KuhnPoker-v0-medium#34 -> B_win payoff=-6 forced=False $1.592
[  2678s] belief_vs_baseline LiarsDice-v0#33 -> A_win payoff=4 forced=False $1.593
[  2678s] belief_vs_baseline LiarsDice-v0#34 -> B_win payoff=-4 forced=False $1.593
[  2682s] belief_vs_baseline LiarsDice-v0#31 -> A_win payoff=2 forced=False $1.595
[  2696s] belief_vs_baseline KuhnPoker-v0-medium#35 -> A_win payoff=2 forced=False $1.600
[  2709s] belief_vs_baseline KuhnPoker-v0-medium#33 -> A_win payoff=2 forced=False $1.605
[  2728s] belief_vs_baseline LiarsDice-v0#36 -> A_win payoff=4 forced=False $1.611
[  2729s] belief_vs_baseline KuhnPoker-v0-medium#36 -> A_win payoff=6 forced=False $1.612
[  2736s] belief_vs_baseline LiarsDice-v0#37 -> A_win payoff=4 forced=False $1.614
[  2745s] belief_vs_baseline KuhnPoker-v0-medium#38 -> B_win payoff=-6 forced=False $1.617
[  2751s] belief_vs_baseline KuhnPoker-v0-medium#37 -> B_win payoff=-2 forced=False $1.620
[  2760s] belief_vs_baseline KuhnPoker-v0-medium#39 -> A_win payoff=2 forced=False $1.623
[  2770s] belief_vs_baseline LiarsDice-v0#32 -> B_win payoff=-1 forced=False $1.625
[  2792s] belief_vs_baseline LiarsDice-v0#42 -> A_win payoff=5 forced=False $1.632
[  2803s] belief_vs_baseline LiarsDice-v0#38 -> A_win payoff=1 forced=False $1.636
[  2812s] belief_vs_baseline LiarsDice-v0#40 -> A_win payoff=4 forced=False $1.641
[  2817s] belief_vs_baseline KuhnPoker-v0-medium#40 -> A_win payoff=6 forced=False $1.642
[  2821s] belief_vs_baseline LiarsDice-v0#44 -> A_win payoff=5 forced=False $1.645
[  2822s] belief_vs_baseline KuhnPoker-v0-medium#41 -> B_win payoff=-10 forced=False $1.645
[  2839s] belief_vs_baseline LiarsDice-v0#41 -> B_win payoff=-2 forced=False $1.651
[  2843s] belief_vs_baseline LiarsDice-v0#39 -> A_win payoff=1 forced=False $1.652
[  2845s] belief_vs_baseline LiarsDice-v0#35 -> B_win payoff=-1 forced=False $1.653
[  2863s] belief_vs_baseline KuhnPoker-v0-medium#44 -> B_win payoff=-6 forced=False $1.661
[  2870s] belief_vs_baseline KuhnPoker-v0-medium#42 -> B_win payoff=-6 forced=False $1.664
[  2884s] belief_vs_baseline LiarsDice-v0#45 -> B_win payoff=-4 forced=False $1.671
[  2901s] belief_vs_baseline KuhnPoker-v0-medium#45 -> B_win payoff=-6 forced=False $1.677
[  2904s] belief_vs_baseline KuhnPoker-v0-medium#43 -> A_win payoff=2 forced=False $1.678
[  2907s] belief_vs_baseline LiarsDice-v0#49 -> A_win payoff=4 forced=False $1.680
[  2920s] belief_vs_baseline KuhnPoker-v0-medium#46 -> B_win payoff=-6 forced=False $1.684
[  2938s] belief_vs_baseline LiarsDice-v0#43 -> B_win payoff=-1 forced=False $1.694
[  2939s] belief_vs_baseline KuhnPoker-v0-medium#48 -> B_win payoff=-10 forced=False $1.695
[  2941s] belief_vs_baseline LiarsDice-v0#46 -> A_win payoff=3 forced=False $1.695
[  2948s] belief_vs_baseline KuhnPoker-v0-medium#47 -> B_win payoff=-10 forced=False $1.699
[  2950s] belief_vs_baseline KuhnPoker-v0-medium#49 -> A_win payoff=2 forced=False $1.700
[  2969s] belief_vs_baseline KuhnPoker-v0-medium#51 -> B_win payoff=-2 forced=False $1.711
[  2974s] belief_vs_baseline KuhnPoker-v0-medium#52 -> A_win payoff=2 forced=False $1.714
[  2977s] belief_vs_baseline KuhnPoker-v0-medium#50 -> A_win payoff=6 forced=False $1.715
[  2987s] belief_vs_baseline LiarsDice-v0#48 -> A_win payoff=2 forced=False $1.721
[  2994s] belief_vs_baseline LiarsDice-v0#52 -> A_win payoff=4 forced=False $1.724
[  2998s] belief_vs_baseline LiarsDice-v0#47 -> A_win payoff=2 forced=False $1.726
[  2998s] belief_vs_baseline LiarsDice-v0#51 -> A_win payoff=3 forced=False $1.726
[  2999s] belief_vs_baseline LiarsDice-v0#50 -> B_win payoff=-2 forced=False $1.727
[  3012s] belief_vs_baseline KuhnPoker-v0-medium#53 -> A_win payoff=2 forced=False $1.734
[  3012s] belief_vs_baseline KuhnPoker-v0-medium#54 -> A_win payoff=2 forced=False $1.734
[  3028s] belief_vs_baseline LiarsDice-v0#54 -> A_win payoff=4 forced=False $1.741
[  3032s] belief_vs_baseline LiarsDice-v0#53 -> B_win payoff=-2 forced=False $1.744
[  3046s] belief_vs_baseline KuhnPoker-v0-medium#55 -> A_win payoff=2 forced=False $1.752
[  3049s] belief_vs_baseline KuhnPoker-v0-medium#57 -> B_win payoff=-2 forced=False $1.753
[  3060s] belief_vs_baseline KuhnPoker-v0-medium#56 -> B_win payoff=-2 forced=False $1.759
[  3070s] belief_vs_baseline LiarsDice-v0#55 -> A_win payoff=3 forced=False $1.765
[  3087s] belief_vs_baseline LiarsDice-v0#56 -> A_win payoff=1 forced=False $1.774
BUDGET GATE reached at $1.774; no new games
[  3102s] belief_vs_baseline KuhnPoker-v0-medium#61 -> B_win payoff=-2 forced=False $1.784
[  3104s] belief_vs_baseline LiarsDice-v0#61 -> A_win payoff=4 forced=False $1.785
[  3109s] belief_vs_baseline KuhnPoker-v0-medium#58 -> B_win payoff=-2 forced=False $1.787
[  3112s] belief_vs_baseline KuhnPoker-v0-medium#59 -> B_win payoff=-6 forced=False $1.788
[  3116s] belief_vs_baseline KuhnPoker-v0-medium#60 -> A_win payoff=2 forced=False $1.789
[  3118s] belief_vs_baseline LiarsDice-v0#57 -> B_win payoff=-1 forced=False $1.790
[  3127s] belief_vs_baseline LiarsDice-v0#58 -> B_win payoff=-1 forced=False $1.793
[  3129s] belief_vs_baseline LiarsDice-v0#59 -> B_win payoff=-2 forced=False $1.794
[  3130s] belief_vs_baseline KuhnPoker-v0-medium#62 -> B_win payoff=-6 forced=False $1.794
[  3135s] belief_vs_baseline LiarsDice-v0#60 -> A_win payoff=1 forced=False $1.796
[  3142s] belief_vs_baseline KuhnPoker-v0-medium#63 -> B_win payoff=-2 forced=False $1.797
[  3148s] belief_vs_baseline LiarsDice-v0#62 -> B_win payoff=-2 forced=False $1.798
[  3150s] belief_vs_baseline KuhnPoker-v0-medium#64 -> A_win payoff=6 forced=False $1.799
[  3169s] belief_vs_baseline LiarsDice-v0#63 -> A_win payoff=3 forced=False $1.800
[  3201s] belief_vs_baseline LiarsDice-v0#64 -> A_win payoff=2 forced=False $1.801
done. total spent $1.801
=== relaunch v2b ===
314 candidate games; spent so far $1.801
[    53s] belief_vs_baseline LiarsDice-v0#68 -> A_win payoff=4 forced=False $1.827
[    75s] belief_vs_baseline KuhnPoker-v0-medium#72 -> B_win payoff=-2 forced=False $1.842
[    86s] belief_vs_baseline KuhnPoker-v0-medium#66 -> B_win payoff=-14 forced=False $1.848
[    91s] belief_vs_baseline KuhnPoker-v0-medium#70 -> A_win payoff=6 forced=False $1.851
[    93s] belief_vs_baseline KuhnPoker-v0-medium#69 -> B_win payoff=-2 forced=False $1.853
[    94s] belief_vs_baseline KuhnPoker-v0-medium#68 -> A_win payoff=2 forced=False $1.854
[    99s] belief_vs_baseline KuhnPoker-v0-medium#65 -> B_win payoff=-2 forced=False $1.857
[   112s] belief_vs_baseline KuhnPoker-v0-medium#67 -> A_win payoff=6 forced=False $1.864
[   116s] belief_vs_baseline LiarsDice-v0#71 -> B_win payoff=-3 forced=False $1.866
[   119s] belief_vs_baseline LiarsDice-v0#70 -> A_win payoff=1 forced=False $1.868
[   121s] belief_vs_baseline KuhnPoker-v0-medium#71 -> A_win payoff=2 forced=False $1.870
[   130s] belief_vs_baseline LiarsDice-v0#65 -> A_win payoff=3 forced=False $1.874
[   130s] belief_vs_baseline LiarsDice-v0#66 -> B_win payoff=-1 forced=False $1.875
[   146s] belief_vs_baseline LiarsDice-v0#67 -> B_win payoff=-2 forced=False $1.882
[   147s] belief_vs_baseline LiarsDice-v0#72 -> A_win payoff=2 forced=False $1.883
[   157s] belief_vs_baseline LiarsDice-v0#73 -> B_win payoff=-5 forced=False $1.889
[   157s] belief_vs_baseline LiarsDice-v0#69 -> A_win payoff=2 forced=False $1.889
[   159s] belief_vs_baseline KuhnPoker-v0-medium#73 -> A_win payoff=6 forced=False $1.891
[   181s] belief_vs_baseline KuhnPoker-v0-medium#74 -> B_win payoff=-6 forced=False $1.904
[   190s] belief_vs_baseline KuhnPoker-v0-medium#76 -> B_win payoff=-6 forced=False $1.908
[   194s] belief_vs_baseline KuhnPoker-v0-medium#75 -> B_win payoff=-10 forced=False $1.911
[   212s] belief_vs_baseline KuhnPoker-v0-medium#77 -> B_win payoff=-2 forced=False $1.920
[   215s] belief_vs_baseline KuhnPoker-v0-medium#78 -> B_win payoff=-2 forced=False $1.922
[   234s] belief_vs_baseline LiarsDice-v0#76 -> A_win payoff=2 forced=False $1.933
[   236s] belief_vs_baseline LiarsDice-v0#79 -> A_win payoff=3 forced=False $1.935
[   236s] belief_vs_baseline KuhnPoker-v0-medium#79 -> B_win payoff=-2 forced=False $1.935
[   238s] belief_vs_baseline LiarsDice-v0#75 -> A_win payoff=2 forced=False $1.936
[   249s] belief_vs_baseline LiarsDice-v0#74 -> B_win payoff=-1 forced=False $1.943
[   253s] belief_vs_baseline LiarsDice-v0#77 -> A_win payoff=2 forced=False $1.946
[   258s] belief_vs_baseline KuhnPoker-v0-medium#81 -> B_win payoff=-2 forced=False $1.951
[   259s] belief_vs_baseline KuhnPoker-v0-medium#80 -> B_win payoff=-10 forced=False $1.951
[   261s] belief_vs_baseline LiarsDice-v0#78 -> A_win payoff=2 forced=False $1.952
[   263s] belief_vs_baseline KuhnPoker-v0-medium#82 -> A_win payoff=2 forced=False $1.954
[   268s] belief_vs_baseline LiarsDice-v0#81 -> A_win payoff=1 forced=False $1.956
[   268s] belief_vs_baseline LiarsDice-v0#80 -> A_win payoff=3 forced=False $1.957
[   286s] belief_vs_baseline KuhnPoker-v0-medium#83 -> B_win payoff=-2 forced=False $1.966
[   311s] belief_vs_baseline LiarsDice-v0#85 -> A_win payoff=4 forced=False $1.980
[   315s] belief_vs_baseline LiarsDice-v0#82 -> A_win payoff=3 forced=False $1.983
[   316s] belief_vs_baseline KuhnPoker-v0-medium#86 -> B_win payoff=-6 forced=False $1.984
[   325s] belief_vs_baseline KuhnPoker-v0-medium#85 -> A_win payoff=6 forced=False $1.989
[   333s] belief_vs_baseline LiarsDice-v0#88 -> B_win payoff=-3 forced=False $1.993
[   334s] belief_vs_baseline LiarsDice-v0#83 -> A_win payoff=3 forced=False $1.993
[   338s] belief_vs_baseline KuhnPoker-v0-medium#87 -> A_win payoff=6 forced=False $1.996
[   342s] belief_vs_baseline LiarsDice-v0#87 -> A_win payoff=4 forced=False $1.998
[   355s] belief_vs_baseline LiarsDice-v0#86 -> A_win payoff=3 forced=False $2.005
[   359s] belief_vs_baseline KuhnPoker-v0-medium#89 -> A_win payoff=10 forced=False $2.007
[   364s] belief_vs_baseline KuhnPoker-v0-medium#88 -> B_win payoff=-6 forced=False $2.011
[   364s] belief_vs_baseline LiarsDice-v0#84 -> A_win payoff=2 forced=False $2.012
[   372s] belief_vs_baseline KuhnPoker-v0-medium#84 -> B_win payoff=-10 forced=False $2.017
[   383s] belief_vs_baseline LiarsDice-v0#89 -> A_win payoff=1 forced=False $2.025
[   386s] belief_vs_baseline LiarsDice-v0#91 -> A_win payoff=5 forced=False $2.027
[   388s] belief_vs_baseline KuhnPoker-v0-medium#90 -> B_win payoff=-2 forced=False $2.028
[   401s] belief_vs_baseline KuhnPoker-v0-medium#92 -> A_win payoff=10 forced=False $2.034
[   405s] belief_vs_baseline LiarsDice-v0#90 -> B_win payoff=-1 forced=False $2.037
[   408s] belief_vs_baseline KuhnPoker-v0-medium#91 -> B_win payoff=-2 forced=False $2.037
[   410s] belief_vs_baseline LiarsDice-v0#92 -> A_win payoff=4 forced=False $2.038
[   425s] belief_vs_baseline LiarsDice-v0#93 -> A_win payoff=3 forced=False $2.045
[   435s] belief_vs_baseline KuhnPoker-v0-medium#94 -> A_win payoff=6 forced=False $2.049
[   448s] belief_vs_baseline TicTacToe-v0#16 -> B_win payoff=None forced=False $2.054
[   451s] belief_vs_baseline LiarsDice-v0#94 -> A_win payoff=3 forced=False $2.054
[   468s] belief_vs_baseline KuhnPoker-v0-medium#93 -> A_win payoff=6 forced=False $2.060
[   472s] belief_vs_baseline KuhnPoker-v0-medium#95 -> A_win payoff=6 forced=False $2.061
[   478s] belief_vs_baseline TicTacToe-v0#19 -> B_win payoff=None forced=False $2.063
[   486s] belief_vs_baseline TicTacToe-v0#17 -> B_win payoff=None forced=False $2.066
[   490s] belief_vs_baseline TicTacToe-v0#20 -> A_win payoff=None forced=False $2.068
[   492s] belief_vs_baseline KuhnPoker-v0-medium#96 -> A_win payoff=2 forced=False $2.069
[   497s] belief_vs_baseline TicTacToe-v0#18 -> A_win payoff=None forced=False $2.071
[   498s] belief_vs_baseline TicTacToe-v0#24 -> A_win payoff=None forced=False $2.071
[   498s] belief_vs_baseline TicTacToe-v0#23 -> B_win payoff=None forced=False $2.072
[   501s] belief_vs_baseline KuhnPoker-v0-medium#98 -> B_win payoff=-2 forced=False $2.073
[   504s] belief_vs_baseline LiarsDice-v0#97 -> A_win payoff=4 forced=False $2.074
[   529s] belief_vs_baseline LiarsDice-v0#96 -> A_win payoff=2 forced=False $2.083
[   530s] belief_vs_baseline TicTacToe-v0#28 -> A_win payoff=None forced=False $2.084
[   530s] belief_vs_baseline TicTacToe-v0#26 -> A_win payoff=None forced=False $2.084
[   531s] belief_vs_baseline TicTacToe-v0#31 -> B_win payoff=None forced=False $2.084
[   533s] belief_vs_baseline TicTacToe-v0#22 -> A_win payoff=None forced=False $2.085
[   534s] belief_vs_baseline KuhnPoker-v0-medium#97 -> B_win payoff=-6 forced=False $2.085
[   541s] belief_vs_baseline LiarsDice-v0#95 -> A_win payoff=3 forced=False $2.088
[   545s] belief_vs_baseline TicTacToe-v0#21 -> B_win payoff=None forced=False $2.090
[   548s] belief_vs_baseline TicTacToe-v0#30 -> A_win payoff=None forced=False $2.091
[   548s] belief_vs_baseline LiarsDice-v0#98 -> A_win payoff=3 forced=False $2.091
[   552s] belief_vs_baseline TicTacToe-v0#35 -> B_win payoff=None forced=False $2.093
[   553s] belief_vs_baseline TicTacToe-v0#34 -> A_win payoff=None forced=False $2.093
[   556s] belief_vs_baseline TicTacToe-v0#32 -> A_win payoff=None forced=False $2.095
[   556s] belief_vs_baseline TicTacToe-v0#33 -> A_win payoff=None forced=False $2.095
[   558s] belief_vs_baseline TicTacToe-v0#27 -> B_win payoff=None forced=False $2.096
[   560s] belief_vs_baseline TicTacToe-v0#29 -> B_win payoff=None forced=False $2.096
[   560s] belief_vs_baseline TicTacToe-v0#36 -> A_win payoff=None forced=False $2.097
[   566s] belief_vs_baseline TicTacToe-v0#39 -> B_win payoff=None forced=False $2.099
[   568s] belief_vs_baseline KuhnPoker-v0-medium#99 -> B_win payoff=-6 forced=False $2.100
[   578s] belief_vs_baseline LiarsDice-v0#99 -> A_win payoff=1 forced=False $2.102
[   583s] belief_vs_baseline TicTacToe-v0#25 -> B_win payoff=None forced=False $2.103
[   592s] belief_vs_baseline TicTacToe-v0#38 -> A_win payoff=None forced=False $2.105
[   606s] belief_vs_baseline TicTacToe-v0#37 -> B_win payoff=None forced=False $2.110
[   614s] belief_vs_cot2 TicTacToe-v0#17 -> A_win payoff=None forced=False $2.112
[   621s] belief_vs_cot2 TicTacToe-v0#20 -> B_win payoff=None forced=False $2.114
[   621s] belief_vs_cot2 TicTacToe-v0#28 -> A_win payoff=None forced=False $2.114
[   622s] belief_vs_cot2 TicTacToe-v0#23 -> B_win payoff=None forced=False $2.114
[   627s] belief_vs_cot2 TicTacToe-v0#21 -> B_win payoff=None forced=False $2.117
[   631s] belief_vs_cot2 TicTacToe-v0#19 -> B_win payoff=None forced=False $2.117
[   634s] belief_vs_cot2 TicTacToe-v0#15 -> B_win payoff=None forced=False $2.118
[   639s] belief_vs_cot2 TicTacToe-v0#18 -> B_win payoff=None forced=False $2.119
[   644s] belief_vs_cot2 TicTacToe-v0#30 -> B_win payoff=None forced=False $2.121
[   648s] belief_vs_cot2 TicTacToe-v0#24 -> A_win payoff=None forced=False $2.121
[   649s] belief_vs_cot2 TicTacToe-v0#25 -> B_win payoff=None forced=False $2.122
[   658s] belief_vs_cot2 TicTacToe-v0#16 -> B_win payoff=None forced=False $2.124
[   669s] belief_vs_cot2 TicTacToe-v0#27 -> B_win payoff=None forced=False $2.127
[   673s] belief_vs_cot2 TicTacToe-v0#22 -> A_win payoff=None forced=False $2.128
[   680s] belief_vs_cot2 TicTacToe-v0#29 -> B_win payoff=None forced=False $2.130
[   684s] belief_vs_cot2 TicTacToe-v0#26 -> A_win payoff=None forced=False $2.132
[   687s] belief_vs_cot2 TicTacToe-v0#35 -> B_win payoff=None forced=False $2.132
[   687s] belief_vs_cot2 TicTacToe-v0#33 -> B_win payoff=None forced=False $2.132
[   691s] belief_vs_cot2 TicTacToe-v0#39 -> B_win payoff=None forced=False $2.134
[   691s] belief_vs_cot2 TicTacToe-v0#34 -> B_win payoff=None forced=False $2.134
[   693s] belief_vs_cot2 TicTacToe-v0#38 -> B_win payoff=None forced=False $2.134
[   707s] belief_vs_cot2 TicTacToe-v0#36 -> B_win payoff=None forced=False $2.137
[   734s] belief_vs_cot2 TicTacToe-v0#31 -> A_win payoff=None forced=False $2.146
[   740s] belief_vs_cot2 TicTacToe-v0#32 -> A_win payoff=None forced=False $2.148
[   784s] cot2_vs_baseline KuhnPoker-v0-medium#14 -> B_win payoff=-2 forced=False $2.166
[   786s] cot2_vs_baseline KuhnPoker-v0-medium#15 -> B_win payoff=-6 forced=False $2.168
[   798s] cot2_vs_baseline KuhnPoker-v0-medium#20 -> A_win payoff=2 forced=False $2.173
[   806s] cot2_vs_baseline KuhnPoker-v0-medium#16 -> A_win payoff=10 forced=False $2.177
[   823s] cot2_vs_baseline KuhnPoker-v0-medium#18 -> B_win payoff=-2 forced=False $2.184
[   834s] belief_vs_cot2 TicTacToe-v0#37 -> draw payoff=None forced=False $2.189
[   843s] cot2_vs_baseline KuhnPoker-v0-medium#17 -> B_win payoff=-10 forced=False $2.194
[   843s] cot2_vs_baseline LiarsDice-v0#18 -> B_win payoff=-3 forced=False $2.194
[   844s] cot2_vs_baseline KuhnPoker-v0-medium#21 -> B_win payoff=-2 forced=False $2.194
[   848s] cot2_vs_baseline KuhnPoker-v0-medium#19 -> A_win payoff=6 forced=False $2.198
[   850s] cot2_vs_baseline LiarsDice-v0#16 -> A_win payoff=4 forced=False $2.199
[   852s] cot2_vs_baseline LiarsDice-v0#17 -> A_win payoff=3 forced=False $2.200
[   878s] cot2_vs_baseline LiarsDice-v0#20 -> A_win payoff=3 forced=False $2.211
[   885s] cot2_vs_baseline LiarsDice-v0#21 -> B_win payoff=-3 forced=False $2.214
[   897s] cot2_vs_baseline LiarsDice-v0#15 -> A_win payoff=2 forced=False $2.219
[   906s] cot2_vs_baseline KuhnPoker-v0-medium#22 -> B_win payoff=-2 forced=False $2.223
[   922s] cot2_vs_baseline KuhnPoker-v0-medium#23 -> A_win payoff=6 forced=False $2.231
[   936s] cot2_vs_baseline LiarsDice-v0#19 -> A_win payoff=1 forced=False $2.238
[   947s] cot2_vs_baseline KuhnPoker-v0-medium#25 -> A_win payoff=2 forced=False $2.243
[   952s] cot2_vs_baseline KuhnPoker-v0-medium#26 -> A_win payoff=10 forced=False $2.244
[   954s] cot2_vs_baseline LiarsDice-v0#23 -> A_win payoff=3 forced=False $2.246
[   970s] cot2_vs_baseline LiarsDice-v0#24 -> A_win payoff=4 forced=False $2.254
[   976s] cot2_vs_baseline LiarsDice-v0#22 -> A_win payoff=3 forced=False $2.258
[   980s] cot2_vs_baseline LiarsDice-v0#27 -> A_win payoff=4 forced=False $2.260
[   981s] cot2_vs_baseline KuhnPoker-v0-medium#28 -> A_win payoff=2 forced=False $2.261
[   982s] cot2_vs_baseline KuhnPoker-v0-medium#27 -> A_win payoff=2 forced=False $2.261
[  1007s] cot2_vs_baseline LiarsDice-v0#28 -> A_win payoff=4 forced=False $2.271
[  1008s] cot2_vs_baseline KuhnPoker-v0-medium#24 -> B_win payoff=-6 forced=True $2.272
[  1009s] cot2_vs_baseline KuhnPoker-v0-medium#29 -> A_win payoff=6 forced=False $2.273
[  1039s] cot2_vs_baseline LiarsDice-v0#26 -> A_win payoff=3 forced=False $2.287
[  1043s] cot2_vs_baseline LiarsDice-v0#32 -> A_win payoff=5 forced=False $2.289
[  1052s] cot2_vs_baseline KuhnPoker-v0-medium#32 -> B_win payoff=-6 forced=False $2.295
[  1057s] cot2_vs_baseline KuhnPoker-v0-medium#30 -> B_win payoff=-2 forced=False $2.299
[  1059s] cot2_vs_baseline LiarsDice-v0#25 -> A_win payoff=1 forced=True $2.300
[  1063s] cot2_vs_baseline KuhnPoker-v0-medium#31 -> B_win payoff=-2 forced=False $2.301
[  1063s] cot2_vs_baseline LiarsDice-v0#29 -> B_win payoff=-1 forced=False $2.302
[  1064s] cot2_vs_baseline LiarsDice-v0#30 -> A_win payoff=4 forced=False $2.302
[  1085s] cot2_vs_baseline KuhnPoker-v0-medium#33 -> B_win payoff=-2 forced=False $2.313
[  1086s] cot2_vs_baseline KuhnPoker-v0-medium#34 -> B_win payoff=-6 forced=False $2.314
[  1103s] cot2_vs_baseline LiarsDice-v0#34 -> A_win payoff=4 forced=False $2.324
[  1111s] cot2_vs_baseline KuhnPoker-v0-medium#36 -> A_win payoff=6 forced=False $2.328
[  1115s] cot2_vs_baseline KuhnPoker-v0-medium#35 -> A_win payoff=2 forced=False $2.330
[  1146s] cot2_vs_baseline KuhnPoker-v0-medium#40 -> A_win payoff=6 forced=False $2.349
[  1151s] cot2_vs_baseline LiarsDice-v0#37 -> A_win payoff=2 forced=False $2.352
[  1153s] cot2_vs_baseline LiarsDice-v0#33 -> B_win payoff=-1 forced=False $2.354
[  1154s] cot2_vs_baseline LiarsDice-v0#38 -> A_win payoff=3 forced=False $2.354
[  1157s] cot2_vs_baseline LiarsDice-v0#31 -> B_win payoff=-2 forced=False $2.357
[  1159s] cot2_vs_baseline KuhnPoker-v0-medium#37 -> B_win payoff=-6 forced=False $2.358
[  1161s] cot2_vs_baseline KuhnPoker-v0-medium#39 -> B_win payoff=-10 forced=False $2.359
[  1167s] cot2_vs_baseline LiarsDice-v0#35 -> A_win payoff=2 forced=False $2.362
[  1169s] cot2_vs_baseline KuhnPoker-v0-medium#38 -> B_win payoff=-6 forced=False $2.362
[  1189s] cot2_vs_baseline LiarsDice-v0#36 -> A_win payoff=3 forced=False $2.372
[  1194s] cot2_vs_baseline KuhnPoker-v0-medium#41 -> B_win payoff=-6 forced=False $2.375
[  1218s] cot2_vs_baseline LiarsDice-v0#39 -> A_win payoff=1 forced=False $2.386
[  1230s] cot2_vs_baseline KuhnPoker-v0-medium#42 -> B_win payoff=-10 forced=False $2.395
[  1241s] cot2_vs_baseline LiarsDice-v0#40 -> A_win payoff=4 forced=False $2.402
[  1247s] cot2_vs_baseline LiarsDice-v0#42 -> B_win payoff=-4 forced=False $2.406
[  1250s] cot2_vs_baseline KuhnPoker-v0-medium#43 -> A_win payoff=2 forced=False $2.408
[  1251s] cot2_vs_baseline LiarsDice-v0#45 -> A_win payoff=3 forced=False $2.408
[  1252s] cot2_vs_baseline KuhnPoker-v0-medium#46 -> A_win payoff=6 forced=False $2.409
[  1256s] cot2_vs_baseline KuhnPoker-v0-medium#44 -> A_win payoff=2 forced=False $2.411
[  1265s] cot2_vs_baseline KuhnPoker-v0-medium#47 -> B_win payoff=-6 forced=False $2.416
[  1277s] cot2_vs_baseline KuhnPoker-v0-medium#45 -> B_win payoff=-2 forced=False $2.424
[  1279s] cot2_vs_baseline KuhnPoker-v0-medium#48 -> A_win payoff=2 forced=False $2.425
[  1295s] cot2_vs_baseline LiarsDice-v0#41 -> A_win payoff=1 forced=False $2.435
[  1295s] cot2_vs_baseline LiarsDice-v0#43 -> A_win payoff=3 forced=False $2.436
[  1299s] cot2_vs_baseline LiarsDice-v0#44 -> A_win payoff=2 forced=False $2.438
[  1299s] cot2_vs_baseline LiarsDice-v0#48 -> A_win payoff=4 forced=False $2.439
[  1336s] cot2_vs_baseline LiarsDice-v0#46 -> A_win payoff=3 forced=False $2.458
[  1338s] cot2_vs_baseline LiarsDice-v0#52 -> A_win payoff=5 forced=False $2.459
[  1340s] cot2_vs_baseline LiarsDice-v0#47 -> B_win payoff=-2 forced=False $2.461
[  1342s] cot2_vs_baseline KuhnPoker-v0-medium#52 -> A_win payoff=6 forced=False $2.462
[  1343s] cot2_vs_baseline KuhnPoker-v0-medium#49 -> B_win payoff=-6 forced=False $2.462
[  1344s] cot2_vs_baseline LiarsDice-v0#49 -> B_win payoff=-4 forced=False $2.463
[  1344s] cot2_vs_baseline LiarsDice-v0#50 -> B_win payoff=-4 forced=False $2.463
[  1347s] cot2_vs_baseline KuhnPoker-v0-medium#51 -> A_win payoff=6 forced=False $2.465
[  1351s] cot2_vs_baseline KuhnPoker-v0-medium#53 -> A_win payoff=14 forced=False $2.466
[  1360s] cot2_vs_baseline KuhnPoker-v0-medium#50 -> A_win payoff=6 forced=False $2.471
[  1393s] cot2_vs_baseline KuhnPoker-v0-medium#54 -> A_win payoff=2 forced=False $2.490
[  1402s] cot2_vs_baseline LiarsDice-v0#51 -> B_win payoff=-1 forced=False $2.494
[  1404s] cot2_vs_baseline KuhnPoker-v0-medium#55 -> A_win payoff=10 forced=False $2.495
[  1404s] cot2_vs_baseline KuhnPoker-v0-medium#56 -> B_win payoff=-6 forced=False $2.495
[  1407s] cot2_vs_baseline LiarsDice-v0#53 -> A_win payoff=3 forced=False $2.497
[  1436s] cot2_vs_baseline KuhnPoker-v0-medium#58 -> A_win payoff=2 forced=False $2.509
[  1442s] cot2_vs_baseline LiarsDice-v0#56 -> B_win payoff=-5 forced=False $2.512
[  1444s] cot2_vs_baseline LiarsDice-v0#60 -> A_win payoff=4 forced=False $2.513
[  1445s] cot2_vs_baseline LiarsDice-v0#59 -> B_win payoff=-5 forced=False $2.513
[  1455s] cot2_vs_baseline KuhnPoker-v0-medium#57 -> B_win payoff=-2 forced=False $2.519
[  1473s] cot2_vs_baseline KuhnPoker-v0-medium#60 -> A_win payoff=2 forced=False $2.528
[  1483s] cot2_vs_baseline KuhnPoker-v0-medium#59 -> A_win payoff=2 forced=False $2.534
[  1498s] cot2_vs_baseline LiarsDice-v0#55 -> A_win payoff=1 forced=False $2.539
[  1501s] cot2_vs_baseline LiarsDice-v0#58 -> A_win payoff=4 forced=False $2.540
[  1502s] cot2_vs_baseline KuhnPoker-v0-medium#61 -> A_win payoff=10 forced=False $2.540
[  1514s] cot2_vs_baseline LiarsDice-v0#54 -> B_win payoff=-1 forced=False $2.544
[  1523s] cot2_vs_baseline LiarsDice-v0#57 -> A_win payoff=3 forced=False $2.549
[  1528s] cot2_vs_baseline KuhnPoker-v0-medium#62 -> A_win payoff=2 forced=False $2.551
[  1536s] cot2_vs_baseline KuhnPoker-v0-medium#63 -> B_win payoff=-2 forced=False $2.554
[  1552s] cot2_vs_baseline LiarsDice-v0#61 -> A_win payoff=4 forced=False $2.560
[  1559s] cot2_vs_baseline KuhnPoker-v0-medium#65 -> A_win payoff=6 forced=False $2.563
[  1572s] cot2_vs_baseline LiarsDice-v0#62 -> A_win payoff=2 forced=False $2.568
[  1576s] cot2_vs_baseline KuhnPoker-v0-medium#64 -> B_win payoff=-6 forced=False $2.570
[  1607s] cot2_vs_baseline KuhnPoker-v0-medium#66 -> A_win payoff=6 forced=False $2.579
[  1622s] cot2_vs_baseline LiarsDice-v0#65 -> B_win payoff=-1 forced=False $2.584
[  1644s] cot2_vs_baseline LiarsDice-v0#69 -> B_win payoff=-3 forced=False $2.593
[  1661s] cot2_vs_baseline LiarsDice-v0#68 -> A_win payoff=4 forced=False $2.600
[  1664s] cot2_vs_baseline KuhnPoker-v0-medium#67 -> A_win payoff=2 forced=False $2.601
[  1667s] cot2_vs_baseline KuhnPoker-v0-medium#68 -> B_win payoff=-6 forced=False $2.602
[  1700s] cot2_vs_baseline KuhnPoker-v0-medium#69 -> B_win payoff=-6 forced=False $2.613
[  1710s] cot2_vs_baseline KuhnPoker-v0-medium#70 -> A_win payoff=10 forced=False $2.617
[  1715s] cot2_vs_baseline LiarsDice-v0#64 -> A_win payoff=2 forced=False $2.620
[  1722s] cot2_vs_baseline KuhnPoker-v0-medium#72 -> B_win payoff=-2 forced=False $2.623
[  1747s] cot2_vs_baseline KuhnPoker-v0-medium#71 -> B_win payoff=-2 forced=False $2.630
[  1780s] cot2_vs_baseline LiarsDice-v0#73 -> A_win payoff=3 forced=False $2.643
[  1783s] cot2_vs_baseline LiarsDice-v0#63 -> B_win payoff=-1 forced=False $2.644
[  1787s] cot2_vs_baseline LiarsDice-v0#67 -> B_win payoff=-3 forced=False $2.645
[  1787s] cot2_vs_baseline KuhnPoker-v0-medium#73 -> B_win payoff=-2 forced=False $2.645
[  1800s] cot2_vs_baseline LiarsDice-v0#71 -> A_win payoff=2 forced=False $2.650
[  1815s] cot2_vs_baseline LiarsDice-v0#72 -> A_win payoff=3 forced=False $2.655
[  1816s] cot2_vs_baseline LiarsDice-v0#66 -> A_win payoff=4 forced=False $2.655
[  1817s] cot2_vs_baseline KuhnPoker-v0-medium#75 -> B_win payoff=-6 forced=False $2.656
[  1837s] cot2_vs_baseline KuhnPoker-v0-medium#74 -> B_win payoff=-6 forced=False $2.664
[  1847s] cot2_vs_baseline KuhnPoker-v0-medium#76 -> A_win payoff=14 forced=False $2.667
[  1850s] cot2_vs_baseline LiarsDice-v0#70 -> A_win payoff=2 forced=False $2.668
[  1872s] cot2_vs_baseline KuhnPoker-v0-medium#77 -> A_win payoff=2 forced=False $2.674
[  1897s] cot2_vs_baseline LiarsDice-v0#75 -> B_win payoff=-2 forced=False $2.685
[  1912s] cot2_vs_baseline KuhnPoker-v0-medium#78 -> B_win payoff=-2 forced=False $2.691
[  1915s] cot2_vs_baseline KuhnPoker-v0-medium#80 -> A_win payoff=6 forced=False $2.692
[  1918s] cot2_vs_baseline LiarsDice-v0#76 -> A_win payoff=3 forced=False $2.693
[  1918s] cot2_vs_baseline KuhnPoker-v0-medium#79 -> A_win payoff=14 forced=False $2.694
[  1928s] cot2_vs_baseline LiarsDice-v0#74 -> A_win payoff=2 forced=False $2.698
[  1937s] cot2_vs_baseline KuhnPoker-v0-medium#81 -> A_win payoff=10 forced=False $2.701
[  1948s] cot2_vs_baseline LiarsDice-v0#77 -> A_win payoff=2 forced=False $2.707
[  1960s] cot2_vs_baseline LiarsDice-v0#79 -> B_win payoff=-2 forced=False $2.713
[  1961s] cot2_vs_baseline LiarsDice-v0#78 -> A_win payoff=4 forced=False $2.713
[  1976s] cot2_vs_baseline KuhnPoker-v0-medium#83 -> A_win payoff=2 forced=False $2.718
[  1996s] cot2_vs_baseline LiarsDice-v0#82 -> A_win payoff=4 forced=False $2.728
[  1996s] cot2_vs_baseline KuhnPoker-v0-medium#84 -> B_win payoff=-2 forced=False $2.728
[  2005s] cot2_vs_baseline LiarsDice-v0#81 -> B_win payoff=-3 forced=False $2.733
[  2011s] cot2_vs_baseline KuhnPoker-v0-medium#82 -> A_win payoff=2 forced=False $2.734
[  2029s] cot2_vs_baseline KuhnPoker-v0-medium#85 -> B_win payoff=-2 forced=False $2.740
[  2049s] cot2_vs_baseline LiarsDice-v0#80 -> A_win payoff=3 forced=False $2.749
[  2051s] cot2_vs_baseline LiarsDice-v0#84 -> A_win payoff=5 forced=False $2.750
[  2055s] cot2_vs_baseline KuhnPoker-v0-medium#86 -> B_win payoff=-2 forced=False $2.752
[  2065s] cot2_vs_baseline LiarsDice-v0#83 -> A_win payoff=1 forced=False $2.759
[  2068s] cot2_vs_baseline KuhnPoker-v0-medium#88 -> A_win payoff=2 forced=False $2.760
[  2072s] cot2_vs_baseline LiarsDice-v0#86 -> A_win payoff=4 forced=False $2.763
[  2072s] cot2_vs_baseline KuhnPoker-v0-medium#87 -> A_win payoff=6 forced=False $2.763
[  2075s] cot2_vs_baseline LiarsDice-v0#89 -> A_win payoff=4 forced=False $2.765
[  2078s] cot2_vs_baseline LiarsDice-v0#87 -> B_win payoff=-4 forced=False $2.766
[  2079s] cot2_vs_baseline KuhnPoker-v0-medium#89 -> A_win payoff=6 forced=False $2.766
[  2094s] cot2_vs_baseline LiarsDice-v0#88 -> A_win payoff=3 forced=False $2.775
[  2099s] cot2_vs_baseline LiarsDice-v0#85 -> A_win payoff=3 forced=True $2.777
[  2117s] cot2_vs_baseline KuhnPoker-v0-medium#90 -> B_win payoff=-6 forced=False $2.787
[  2120s] cot2_vs_baseline KuhnPoker-v0-medium#91 -> A_win payoff=10 forced=False $2.789
[  2126s] cot2_vs_baseline LiarsDice-v0#93 -> B_win payoff=-5 forced=False $2.793
[  2126s] cot2_vs_baseline KuhnPoker-v0-medium#93 -> B_win payoff=-2 forced=False $2.794
[  2150s] cot2_vs_baseline KuhnPoker-v0-medium#92 -> B_win payoff=-2 forced=False $2.809
BUDGET GATE reached at $2.809; no new games
[  2160s] cot2_vs_baseline KuhnPoker-v0-medium#94 -> B_win payoff=-2 forced=False $2.814
[  2161s] cot2_vs_baseline KuhnPoker-v0-medium#96 -> B_win payoff=-10 forced=False $2.815
[  2168s] cot2_vs_baseline LiarsDice-v0#90 -> A_win payoff=4 forced=False $2.819
[  2171s] cot2_vs_baseline KuhnPoker-v0-medium#95 -> A_win payoff=2 forced=False $2.821
[  2174s] cot2_vs_baseline LiarsDice-v0#91 -> A_win payoff=3 forced=False $2.821
[  2176s] cot2_vs_baseline KuhnPoker-v0-medium#97 -> B_win payoff=-6 forced=False $2.823
[  2184s] cot2_vs_baseline LiarsDice-v0#96 -> A_win payoff=2 forced=False $2.824
[  2194s] cot2_vs_baseline KuhnPoker-v0-medium#98 -> A_win payoff=2 forced=False $2.826
[  2217s] cot2_vs_baseline KuhnPoker-v0-medium#99 -> A_win payoff=2 forced=False $2.831
[  2221s] cot2_vs_baseline LiarsDice-v0#97 -> B_win payoff=-3 forced=False $2.832
[  2224s] cot2_vs_baseline LiarsDice-v0#92 -> B_win payoff=-1 forced=False $2.833
[  2248s] cot2_vs_baseline LiarsDice-v0#95 -> B_win payoff=-1 forced=False $2.836
[  2265s] cot2_vs_baseline LiarsDice-v0#94 -> B_win payoff=-2 forced=False $2.838
[  2268s] cot2_vs_baseline LiarsDice-v0#99 -> A_win payoff=3 forced=False $2.839
[  2278s] cot2_vs_baseline LiarsDice-v0#98 -> A_win payoff=1 forced=False $2.840
done. total spent $2.840
