100 candidate games; spent so far $2.840
[    97s] belief_vs_cot2 KuhnPoker-v0-medium#5 -> B_win payoff=-6 forced=False $2.903
[    98s] belief_vs_cot2 KuhnPoker-v0-medium#8 -> A_win payoff=2 forced=False $2.904
[   100s] belief_vs_cot2 KuhnPoker-v0-medium#4 -> A_win payoff=10 forced=False $2.905
[   106s] belief_vs_cot2 KuhnPoker-v0-medium#9 -> B_win payoff=-2 forced=False $2.909
[   111s] belief_vs_cot2 KuhnPoker-v0-medium#12 -> A_win payoff=6 forced=False $2.913
[   120s] belief_vs_cot2 KuhnPoker-v0-medium#14 -> B_win payoff=-2 forced=False $2.920
[   120s] belief_vs_cot2 KuhnPoker-v0-medium#15 -> A_win payoff=6 forced=False $2.921
[   121s] belief_vs_cot2 KuhnPoker-v0-medium#10 -> A_win payoff=2 forced=False $2.921
[   122s] belief_vs_cot2 KuhnPoker-v0-medium#11 -> A_win payoff=2 forced=False $2.923
[   133s] belief_vs_cot2 KuhnPoker-v0-medium#3 -> B_win payoff=-6 forced=False $2.931
[   137s] belief_vs_cot2 KuhnPoker-v0-medium#2 -> A_win payoff=2 forced=False $2.933
[   145s] belief_vs_cot2 KuhnPoker-v0-medium#0 -> A_win payoff=2 forced=False $2.938
[   147s] belief_vs_cot2 KuhnPoker-v0-medium#7 -> A_win payoff=6 forced=False $2.939
[   164s] belief_vs_cot2 KuhnPoker-v0-medium#6 -> A_win payoff=10 forced=False $2.949
[   178s] belief_vs_cot2 KuhnPoker-v0-medium#13 -> B_win payoff=-10 forced=False $2.957
[   192s] belief_vs_cot2 KuhnPoker-v0-medium#1 -> B_win payoff=-6 forced=False $2.968
[   202s] belief_vs_cot2 KuhnPoker-v0-medium#18 -> A_win payoff=2 forced=False $2.975
[   206s] belief_vs_cot2 KuhnPoker-v0-medium#16 -> B_win payoff=-6 forced=False $2.979
[   214s] belief_vs_cot2 KuhnPoker-v0-medium#19 -> A_win payoff=2 forced=False $2.984
[   228s] belief_vs_cot2 KuhnPoker-v0-medium#24 -> B_win payoff=-2 forced=False $2.993
[   235s] belief_vs_cot2 KuhnPoker-v0-medium#20 -> B_win payoff=-10 forced=False $2.999
[   246s] belief_vs_cot2 KuhnPoker-v0-medium#17 -> B_win payoff=-2 forced=False $3.004
[   255s] belief_vs_cot2 KuhnPoker-v0-medium#26 -> A_win payoff=2 forced=False $3.009
[   255s] belief_vs_cot2 KuhnPoker-v0-medium#21 -> A_win payoff=2 forced=False $3.010
[   258s] belief_vs_cot2 KuhnPoker-v0-medium#23 -> B_win payoff=-2 forced=False $3.011
[   268s] belief_vs_cot2 KuhnPoker-v0-medium#22 -> A_win payoff=6 forced=False $3.016
[   277s] belief_vs_cot2 KuhnPoker-v0-medium#27 -> A_win payoff=6 forced=False $3.021
[   293s] belief_vs_cot2 KuhnPoker-v0-medium#28 -> B_win payoff=-6 forced=False $3.028
[   297s] belief_vs_cot2 KuhnPoker-v0-medium#25 -> A_win payoff=6 forced=False $3.030
[   320s] belief_vs_cot2 KuhnPoker-v0-medium#31 -> A_win payoff=6 forced=False $3.038
[   351s] belief_vs_cot2 KuhnPoker-v0-medium#32 -> A_win payoff=6 forced=False $3.052
[   352s] belief_vs_cot2 KuhnPoker-v0-medium#33 -> A_win payoff=6 forced=False $3.053
[   395s] belief_vs_cot2 KuhnPoker-v0-medium#30 -> A_win payoff=6 forced=False $3.066
[   402s] belief_vs_cot2 KuhnPoker-v0-medium#29 -> A_win payoff=2 forced=False $3.068
[   412s] belief_vs_cot2 KuhnPoker-v0-medium#36 -> A_win payoff=2 forced=False $3.071
[   457s] belief_vs_cot2 KuhnPoker-v0-medium#34 -> B_win payoff=-10 forced=False $3.081
[   498s] belief_vs_cot2 KuhnPoker-v0-medium#39 -> A_win payoff=2 forced=False $3.092
[   513s] belief_vs_cot2 KuhnPoker-v0-medium#38 -> A_win payoff=2 forced=False $3.097
[   531s] belief_vs_cot2 KuhnPoker-v0-medium#42 -> A_win payoff=2 forced=False $3.100
[   531s] belief_vs_cot2 KuhnPoker-v0-medium#43 -> B_win payoff=-6 forced=False $3.100
[   538s] belief_vs_cot2 KuhnPoker-v0-medium#40 -> A_win payoff=2 forced=False $3.102
[   607s] belief_vs_cot2 KuhnPoker-v0-medium#35 -> A_win payoff=6 forced=False $3.118
[   611s] belief_vs_cot2 KuhnPoker-v0-medium#37 -> A_win payoff=2 forced=False $3.120
[   650s] belief_vs_cot2 KuhnPoker-v0-medium#44 -> A_win payoff=2 forced=False $3.132
[   657s] belief_vs_cot2 KuhnPoker-v0-medium#49 -> A_win payoff=6 forced=False $3.133
[   683s] belief_vs_cot2 KuhnPoker-v0-medium#48 -> A_win payoff=2 forced=False $3.143
[   693s] belief_vs_cot2 KuhnPoker-v0-medium#41 -> B_win payoff=-10 forced=False $3.147
[   698s] belief_vs_cot2 KuhnPoker-v0-medium#46 -> A_win payoff=6 forced=False $3.149
[   705s] belief_vs_cot2 KuhnPoker-v0-medium#47 -> A_win payoff=2 forced=False $3.152
[   766s] belief_vs_cot2 KuhnPoker-v0-medium#53 -> B_win payoff=-10 forced=False $3.166
[   792s] belief_vs_cot2 KuhnPoker-v0-medium#56 -> A_win payoff=10 forced=False $3.174
[   800s] belief_vs_cot2 KuhnPoker-v0-medium#60 -> B_win payoff=-6 forced=False $3.177
[   818s] belief_vs_cot2 KuhnPoker-v0-medium#54 -> B_win payoff=-2 forced=False $3.183
[   824s] belief_vs_cot2 KuhnPoker-v0-medium#52 -> B_win payoff=-10 forced=False $3.185
[   824s] belief_vs_cot2 KuhnPoker-v0-medium#50 -> A_win payoff=2 forced=False $3.185
[   824s] belief_vs_cot2 KuhnPoker-v0-medium#45 -> B_win payoff=-2 forced=False $3.185
[   832s] belief_vs_cot2 KuhnPoker-v0-medium#57 -> B_win payoff=-2 forced=False $3.191
[   833s] belief_vs_cot2 KuhnPoker-v0-medium#51 -> A_win payoff=2 forced=False $3.192
[   836s] belief_vs_cot2 KuhnPoker-v0-medium#55 -> B_win payoff=-2 forced=False $3.194
[   867s] belief_vs_cot2 KuhnPoker-v0-medium#64 -> B_win payoff=-6 forced=False $3.214
[   891s] belief_vs_cot2 KuhnPoker-v0-medium#61 -> B_win payoff=-2 forced=False $3.228
[   892s] belief_vs_cot2 KuhnPoker-v0-medium#59 -> B_win payoff=-2 forced=False $3.229
[   895s] belief_vs_cot2 KuhnPoker-v0-medium#62 -> A_win payoff=6 forced=False $3.232
[   901s] belief_vs_cot2 KuhnPoker-v0-medium#65 -> B_win payoff=-2 forced=False $3.236
[   910s] belief_vs_cot2 KuhnPoker-v0-medium#63 -> A_win payoff=6 forced=False $3.242
[   914s] belief_vs_cot2 KuhnPoker-v0-medium#69 -> B_win payoff=-14 forced=False $3.245
[   921s] belief_vs_cot2 KuhnPoker-v0-medium#70 -> B_win payoff=-6 forced=False $3.250
[   929s] belief_vs_cot2 KuhnPoker-v0-medium#66 -> A_win payoff=6 forced=False $3.254
[   934s] belief_vs_cot2 KuhnPoker-v0-medium#58 -> A_win payoff=2 forced=False $3.258
[   941s] belief_vs_cot2 KuhnPoker-v0-medium#67 -> A_win payoff=6 forced=False $3.262
[   948s] belief_vs_cot2 KuhnPoker-v0-medium#68 -> B_win payoff=-2 forced=False $3.268
[   958s] belief_vs_cot2 KuhnPoker-v0-medium#74 -> A_win payoff=10 forced=False $3.275
[   961s] belief_vs_cot2 KuhnPoker-v0-medium#72 -> B_win payoff=-2 forced=False $3.277
[   987s] belief_vs_cot2 KuhnPoker-v0-medium#77 -> A_win payoff=2 forced=False $3.293
[   995s] belief_vs_cot2 KuhnPoker-v0-medium#78 -> B_win payoff=-2 forced=False $3.298
[   997s] belief_vs_cot2 KuhnPoker-v0-medium#79 -> A_win payoff=10 forced=False $3.299
[   998s] belief_vs_cot2 KuhnPoker-v0-medium#75 -> A_win payoff=6 forced=False $3.300
[  1006s] belief_vs_cot2 KuhnPoker-v0-medium#73 -> B_win payoff=-2 forced=False $3.303
[  1016s] belief_vs_cot2 KuhnPoker-v0-medium#80 -> A_win payoff=2 forced=False $3.307
[  1017s] belief_vs_cot2 KuhnPoker-v0-medium#76 -> A_win payoff=14 forced=False $3.308
[  1017s] belief_vs_cot2 KuhnPoker-v0-medium#71 -> A_win payoff=2 forced=False $3.308
[  1037s] belief_vs_cot2 KuhnPoker-v0-medium#81 -> A_win payoff=10 forced=False $3.314
[  1075s] belief_vs_cot2 KuhnPoker-v0-medium#85 -> B_win payoff=-2 forced=False $3.330
[  1094s] belief_vs_cot2 KuhnPoker-v0-medium#88 -> B_win payoff=-6 forced=False $3.338
[  1100s] belief_vs_cot2 KuhnPoker-v0-medium#82 -> B_win payoff=-6 forced=False $3.340
[  1111s] belief_vs_cot2 KuhnPoker-v0-medium#86 -> B_win payoff=-2 forced=False $3.344
[  1132s] belief_vs_cot2 KuhnPoker-v0-medium#90 -> A_win payoff=10 forced=False $3.353
[  1135s] belief_vs_cot2 KuhnPoker-v0-medium#83 -> A_win payoff=2 forced=False $3.355
[  1137s] belief_vs_cot2 KuhnPoker-v0-medium#92 -> A_win payoff=6 forced=False $3.357
[  1162s] belief_vs_cot2 KuhnPoker-v0-medium#95 -> A_win payoff=2 forced=False $3.363
[  1168s] belief_vs_cot2 KuhnPoker-v0-medium#87 -> B_win payoff=-2 forced=False $3.365
[  1184s] belief_vs_cot2 KuhnPoker-v0-medium#94 -> B_win payoff=-10 forced=False $3.368
[  1196s] belief_vs_cot2 KuhnPoker-v0-medium#84 -> A_win payoff=2 forced=False $3.370
[  1197s] belief_vs_cot2 KuhnPoker-v0-medium#96 -> A_win payoff=2 forced=False $3.370
[  1230s] belief_vs_cot2 KuhnPoker-v0-medium#98 -> A_win payoff=10 forced=False $3.377
[  1235s] belief_vs_cot2 KuhnPoker-v0-medium#89 -> A_win payoff=2 forced=False $3.378
[  1265s] belief_vs_cot2 KuhnPoker-v0-medium#91 -> B_win payoff=-6 forced=False $3.382
[  1272s] belief_vs_cot2 KuhnPoker-v0-medium#93 -> A_win payoff=2 forced=False $3.383
[  1286s] belief_vs_cot2 KuhnPoker-v0-medium#97 -> B_win payoff=-6 forced=False $3.384
[  1299s] belief_vs_cot2 KuhnPoker-v0-medium#99 -> B_win payoff=-6 forced=False $3.385
done. total spent $3.385
